---
kind: pipeline
name: default

platform:
  os: linux
  arch: amd64

steps:
- name: build
  image: golang
  commands:
  - go build

- name: test
  image: golang
  commands:
  - go build
  - go test -v
  depends_on:
  - build

node:
  disk: ssd

...
