---
kind: pipeline
name: default

platform:
  os: linux
  arch: amd64

clone:
  disable: true

steps:
- name: webhook
  image: alpine
  commands:
  - curl -x POST http://abc.com:80/~smith/home.html

...
