---
kind: pipeline
name: default

platform:
  os: linux
  arch: amd64

steps:
- name: build
  image: golang
  commands:
  - go build
  resources:
    limits:
      cpu: 2
      memory: 100MiB
    requests:
      cpu: 1
      memory: 50MiB

...
