---
kind: pipeline
name: default

platform:
  os: linux
  arch: amd64

steps:
- name: notify
  image: plugins/slack
  settings:
    dry_run: false
    labels:
    - foo
    - bar
    - baz
    root: general
    token:
      from_secret: token

...
