---
kind: pipeline
name: default

platform:
  os: linux
  arch: amd64

workspace:
  base: /go
  path: src/github.com/octocat/hello-world

steps:
- name: test
  image: golang
  commands:
  - go build
  - go test -v

...
