---
kind: signature
hmac: N2NmYjA3ODQwNTY1ODFlY2E5MGJmOWI1NDk0NDFhMTEK

...
