---
kind: pipeline
name: default

platform:
  os: linux
  arch: amd64

steps:
- name: Test
  image: node:latest
  commands:
  - npm install
  - npm test

services:
- name: postgres
  image: postgres:9.6.4

...
