[{
    "Name": "v1.0.0",
    "Path": "refs/tags/v1.0.0",
    "Sha": "4b736a01b6291e21c663ae9aab494850e7a50723"
}]