[
  {
    "kind": "secret",
    "name": "username",
    "data": "b2N0b2NhdA=="
  }
]